// Jest Snapshot v1, https://goo.gl/fbAQLP

exports[`ChangeTheme snapshot 1`] = `
.c0 {
  cursor: pointer;
  margin-left: 450px;
  margin-top: 5px;
  margin-right: 80px;
  position: relative;
  border: 1px solid #999;
  width: 32px;
  height: 32px;
  border-radius: 50%;
  display: flex;
  align-items: center;
  justify-content: center;
}

.c0 >i {
  position: absolute;
  top: 6px;
  left: 6px;
  font-size: 18px;
  border-radius: 50%;
  color: #bdbbbb;
}

@media (max-width: 820px) {
  .c0 {
    margin-left: 226px;
  }
}

<div>
   
  <div
    class="c0"
    data-testid="change theme"
    title="change theme"
  >
    <i
      title="icon theme"
    >
      <svg
        fill="currentColor"
        height="1em"
        stroke="currentColor"
        stroke-width="0"
        viewBox="0 0 512 512"
        width="1em"
        xmlns="http://www.w3.org/2000/svg"
      >
        <path
          d="M264 480A232 232 0 0132 248c0-94 54-178.28 137.61-214.67a16 16 0 0121.06 21.06C181.07 76.43 176 104.66 176 136c0 110.28 89.72 200 200 200 31.34 0 59.57-5.07 81.61-14.67a16 16 0 0121.06 21.06C442.28 426 358 480 264 480z"
        />
      </svg>
    </i>
  </div>
   
</div>
`;
