// Jest Snapshot v1, https://goo.gl/fbAQLP

exports[`SelectLabel Component snapshot 1`] = `
.c1 {
  position: absolute;
  top: -12px;
  left: 12px;
  background-color: '';
}

.c1 span {
  font-size: 14px;
  color: red;
  margin-right: 3px;
}

.c0 {
  border: 1px solid #00abff;
  position: relative;
}

.c0.primary {
  width: 200px;
  padding: 8px;
  border-radius: 8px;
}

.c0.secondary {
  width: 200px;
  padding: 8px;
  border-radius: 8px 0;
}

.c0.error {
  border: 1px solid #ff0000;
  color: #ff0000;
}

.c0.error:focus {
  border: 2px solid #ff0000;
}

.c0 select {
  display: none;
}

.c0.custom-select {
  position: relative;
  display: inline-block;
  width: 100%;
}

.c0 .custom-select-trigger {
  width: 100%;
  cursor: pointer;
  height: 20px;
}

.c0 .custom-options {
  background-color: '';
  display: none;
  position: absolute;
  top: 100%;
  left: 0px;
  right: 0;
  background-color: #fff;
  border: 1px solid #00abff;
  max-width: 215px;
  width: 100%;
  max-height: 114px;
  overflow-y: auto;
  z-index: 1;
}

.c0 .custom-options.primary {
  border-radius: 8px;
}

.c0 .custom-options.secondary {
  border-radius: 8px 0;
}

.c0 .custom-option {
  padding: 10px;
  cursor: pointer;
}

.c0 .custom-option:hover {
  background-color: '';
  color: #00abff;
}

<div>
   
  <div
    class="c0 primary undefined"
  >
    <div
      class="custom-select"
    >
      <label
        class="c1"
      >
         
      </label>
      <div
        class="custom-select-trigger primary undefined"
        data-testid="select-undefined"
      />
      <div
        class="custom-options primary undefined"
      >
        <div
          class="custom-option"
          data-testid="options"
          data-value="Option 1"
        >
          Option 1
        </div>
        <div
          class="custom-option"
          data-testid="options"
          data-value="Option 2"
        >
          Option 2
        </div>
        <div
          class="custom-option"
          data-testid="options"
          data-value="Option 3"
        >
          Option 3
        </div>
      </div>
      <select
        id="real-select"
      >
        <option
          value="Option 1"
        >
          Option 1
        </option>
        <option
          value="Option 2"
        >
          Option 2
        </option>
        <option
          value="Option 3"
        >
          Option 3
        </option>
      </select>
    </div>
  </div>
   
</div>
`;
